/**
 * @generated
 * 직접 수정하지 마세요.
 */

import type { User } from "better-auth";
import { PuriWrapper, DatabaseSchemaExtend, PuriLoaderQueries, ManyToManyBaseSchema } from "sonamu";

import {
  AccountSubsetKey,
  AuditEventSubsetKey,
  AuditLogSubsetKey,
  CompanySubsetKey,
  DepartmentSubsetKey,
  DocumentSubsetKey,
  EmployeeSubsetKey,
  FileSubsetKey,
  MilestoneSubsetKey,
  PasskeySubsetKey,
  ProjectSubsetKey,
  SessionSubsetKey,
  SyncFixtureSubsetKey,
  TagSubsetKey,
  TwoFactorSubsetKey,
  UserSubsetKey,
  VerificationSubsetKey,
  AccountBaseSchema,
  AuditEventBaseSchema,
  AuditLogBaseSchema,
  CompanyBaseSchema,
  DepartmentBaseSchema,
  DocumentBaseSchema,
  EmployeeBaseSchema,
  FileBaseSchema,
  MilestoneBaseSchema,
  PasskeyBaseSchema,
  ProjectBaseSchema,
  SessionBaseSchema,
  SyncFixtureBaseSchema,
  TagBaseSchema,
  TwoFactorBaseSchema,
  UserBaseSchema,
  VerificationBaseSchema,
  UserRole,
} from "./sonamu.generated";

// SubsetQuery: Account
export const accountSubsetQueries = {
  A: (qbWrapper: PuriWrapper<DatabaseSchemaExtend>) => {
    return qbWrapper.from("accounts").select({
      id: "accounts.id",
      account_id: "accounts.account_id",
      provider_id: "accounts.provider_id",
      access_token: "accounts.access_token",
      refresh_token: "accounts.refresh_token",
      id_token: "accounts.id_token",
      access_token_expires_at: "accounts.access_token_expires_at",
      refresh_token_expires_at: "accounts.refresh_token_expires_at",
      scope: "accounts.scope",
      password: "accounts.password",
      created_at: "accounts.created_at",
      updated_at: "accounts.updated_at",
      user_id: "accounts.user_id",
    });
  },
};

// LoaderQuery: Account
export const accountLoaderQueries = {
  A: [],
} as const satisfies PuriLoaderQueries<AccountSubsetKey>;

// SubsetQuery: AuditEvent
export const auditEventSubsetQueries = {
  A: (qbWrapper: PuriWrapper<DatabaseSchemaExtend>) => {
    return qbWrapper.from("audit_events").select({
      id: "audit_events.id",
      source: "audit_events.source",
      source_version: "audit_events.source_version",
      category: "audit_events.category",
      event_type: "audit_events.event_type",
      event_key: "audit_events.event_key",
      dedupe_key: "audit_events.dedupe_key",
      actor_user_id: "audit_events.actor_user_id",
      subject_user_id: "audit_events.subject_user_id",
      organization_id: "audit_events.organization_id",
      team_id: "audit_events.team_id",
      session_id: "audit_events.session_id",
      provider_id: "audit_events.provider_id",
      login_method: "audit_events.login_method",
      identifier: "audit_events.identifier",
      visitor_id: "audit_events.visitor_id",
      reason: "audit_events.reason",
      action: "audit_events.action",
      trigger_context: "audit_events.trigger_context",
      ip_address: "audit_events.ip_address",
      country_code: "audit_events.country_code",
      country: "audit_events.country",
      city: "audit_events.city",
      user_agent: "audit_events.user_agent",
      payload_json: "audit_events.payload_json",
      occurred_at: "audit_events.occurred_at",
      ingested_at: "audit_events.ingested_at",
    });
  },
};

// LoaderQuery: AuditEvent
export const auditEventLoaderQueries = {
  A: [],
} as const satisfies PuriLoaderQueries<AuditEventSubsetKey>;

// SubsetQuery: AuditLog
export const auditLogSubsetQueries = {
  A: (qbWrapper: PuriWrapper<DatabaseSchemaExtend>) => {
    return qbWrapper.from("audit_logs").select({
      id: "audit_logs.id",
      created_at: "audit_logs.created_at",
      actor_id: "audit_logs.actor_id",
      action: "audit_logs.action",
      entity_type: "audit_logs.entity_type",
      entity_id: "audit_logs.entity_id",
      old_value: "audit_logs.old_value",
      new_value: "audit_logs.new_value",
    });
  },
};

// LoaderQuery: AuditLog
export const auditLogLoaderQueries = {
  A: [],
} as const satisfies PuriLoaderQueries<AuditLogSubsetKey>;

// SubsetQuery: Company
export const companySubsetQueries = {
  A: (qbWrapper: PuriWrapper<DatabaseSchemaExtend>) => {
    return qbWrapper.from("companies").select({
      id: "companies.id",
      created_at: "companies.created_at",
      name: "companies.name",
    });
  },
};

// LoaderQuery: Company
export const companyLoaderQueries = {
  A: [],
} as const satisfies PuriLoaderQueries<CompanySubsetKey>;

// SubsetQuery: Department
export const departmentSubsetQueries = {
  A: (qbWrapper: PuriWrapper<DatabaseSchemaExtend>) => {
    return qbWrapper
      .from("departments")
      .join({ company: "companies" }, "departments.company_id", "company.id")
      .leftJoin({ parent: "departments" }, "departments.parent_id", "parent.id")
      .select({
        id: "departments.id",
        created_at: "departments.created_at",
        name: "departments.name",
        company: {
          id: "company.id",
          name: "company.name",
        },
        parent: {
          id: "parent.id",
          name: "parent.name",
        },
      });
  },
  P: (qbWrapper: PuriWrapper<DatabaseSchemaExtend>) => {
    return qbWrapper
      .from("departments")
      .join({ company: "companies" }, "departments.company_id", "company.id")
      .leftJoin({ parent: "departments" }, "departments.parent_id", "parent.id")
      .select({
        id: "departments.id",
        created_at: "departments.created_at",
        name: "departments.name",
        company: {
          id: "company.id",
          name: "company.name",
        },
        parent: {
          id: "parent.id",
          name: "parent.name",
        },
      });
  },
  P2: (qbWrapper: PuriWrapper<DatabaseSchemaExtend>) => {
    return qbWrapper
      .from("departments")
      .join({ company: "companies" }, "departments.company_id", "company.id")
      .select({
        id: "departments.id",
        created_at: "departments.created_at",
        name: "departments.name",
        company: {
          id: "company.id",
          name: "company.name",
        },
      });
  },
};

// LoaderQuery: Department
export const departmentLoaderQueries = {
  A: [
    {
      as: "employees",
      refId: "id",
      qb: (qbWrapper: PuriWrapper<DatabaseSchemaExtend>, fromIds: number[] | string[]) => {
        return qbWrapper
          .from("employees")
          .join({ user: "users" }, "employees.user_id", "user.id")
          .whereIn(
            "employees.department_id",
            /* SAFETY: 로더가 전달하는 ID는 소스 엔티티의 기본 키 타입과 일치한다. */ fromIds as number[],
          )
          .select({
            id: "employees.id",
            employee_number: "employees.employee_number",
            salary: "employees.salary",
            user: {
              id: "user.id",
              email: "user.email",
            },
            refId: "employees.department_id",
          });
      },
    },
  ],
  P: [],
  P2: [],
} as const satisfies PuriLoaderQueries<DepartmentSubsetKey>;

// SubsetQuery: Document
export const documentSubsetQueries = {
  A: (qbWrapper: PuriWrapper<DatabaseSchemaExtend>) => {
    return qbWrapper.from("documents").select({
      id: "documents.id",
      created_at: "documents.created_at",
      title: "documents.title",
      content: "documents.content",
      status: "documents.status",
    });
  },
};

// LoaderQuery: Document
export const documentLoaderQueries = {
  A: [],
} as const satisfies PuriLoaderQueries<DocumentSubsetKey>;

// SubsetQuery: Employee
export const employeeSubsetQueries = {
  A: (qbWrapper: PuriWrapper<DatabaseSchemaExtend>) => {
    return qbWrapper
      .from("employees")
      .join({ user: "users" }, "employees.user_id", "user.id")
      .leftJoin({ department: "departments" }, "employees.department_id", "department.id")
      .leftJoin(
        { department__company: "companies" },
        "department.company_id",
        "department__company.id",
      )
      .select({
        id: "employees.id",
        created_at: "employees.created_at",
        employee_number: "employees.employee_number",
        salary: "employees.salary",
        hire_date: "employees.hire_date",
        notes: "employees.notes",
        user: {
          id: "user.id",
          username: "user.username",
        },
        department: {
          id: "department.id",
          name: "department.name",
          company: {
            name: "department__company.name",
          },
        },
      });
  },
  P: (qbWrapper: PuriWrapper<DatabaseSchemaExtend>) => {
    return qbWrapper
      .from("employees")
      .join({ user: "users" }, "employees.user_id", "user.id")
      .leftJoin({ user__employee: "employees" }, "user.id", "user__employee.user_id")
      .leftJoin(
        { user__employee__department: "departments" },
        "user__employee.department_id",
        "user__employee__department.id",
      )
      .leftJoin({ department: "departments" }, "employees.department_id", "department.id")
      .select({
        id: "employees.id",
        created_at: "employees.created_at",
        user: {
          id: "user.id",
          username: "user.username",
          employee: {
            department: {
              id: "user__employee__department.id",
            },
            employee_number: "user__employee.employee_number",
            salary: "user__employee.salary",
          },
        },
        department: {
          id: "department.id",
        },
      });
  },
};

// LoaderQuery: Employee
export const employeeLoaderQueries = {
  A: [],
  P: [
    {
      as: "department__employees",
      refId: "department__id",
      qb: (qbWrapper: PuriWrapper<DatabaseSchemaExtend>, fromIds: number[] | string[]) => {
        return qbWrapper
          .from("employees")
          .whereIn(
            "employees.department_id",
            /* SAFETY: 로더가 전달하는 ID는 소스 엔티티의 기본 키 타입과 일치한다. */ fromIds as number[],
          )
          .select({
            id: "employees.id",
            salary: "employees.salary",
            refId: "employees.department_id",
          });
      },
      loaders: [
        {
          as: "projs",
          refId: "id",
          qb: (qbWrapper: PuriWrapper<DatabaseSchemaExtend>, fromIds: number[] | string[]) => {
            return qbWrapper
              .from("projects__employees")
              .join("projects", "projects__employees.project_id", "projects.id")
              .whereIn(
                "projects__employees.employee_id",
                /* SAFETY: 로더가 전달하는 ID는 소스 엔티티의 기본 키 타입과 일치한다. */ fromIds as number[],
              )
              .select({
                id: "projects.id",
                name: "projects.name",
                status: "projects.status",
                refId: "projects__employees.employee_id",
              });
          },
        },
      ],
    },
    {
      as: "projs",
      refId: "id",
      qb: (qbWrapper: PuriWrapper<DatabaseSchemaExtend>, fromIds: number[] | string[]) => {
        return qbWrapper
          .from("projects__employees")
          .join("projects", "projects__employees.project_id", "projects.id")
          .whereIn(
            "projects__employees.employee_id",
            /* SAFETY: 로더가 전달하는 ID는 소스 엔티티의 기본 키 타입과 일치한다. */ fromIds as number[],
          )
          .select({
            id: "projects.id",
            name: "projects.name",
            status: "projects.status",
            description: "projects.description",
            refId: "projects__employees.employee_id",
          });
      },
    },
  ],
} as const satisfies PuriLoaderQueries<EmployeeSubsetKey>;

// SubsetQuery: File
export const fileSubsetQueries = {
  A: (qbWrapper: PuriWrapper<DatabaseSchemaExtend>) => {
    return qbWrapper.from("files").select({
      id: "files.id",
      created_at: "files.created_at",
      mime_type: "files.mime_type",
      name: "files.name",
      url: "files.url",
    });
  },
};

// LoaderQuery: File
export const fileLoaderQueries = {
  A: [],
} as const satisfies PuriLoaderQueries<FileSubsetKey>;

// SubsetQuery: Milestone
export const milestoneSubsetQueries = {
  A: (qbWrapper: PuriWrapper<DatabaseSchemaExtend>) => {
    return qbWrapper
      .from("milestones")
      .join({ project: "projects" }, "milestones.project_id", "project.id")
      .select({
        id: "milestones.id",
        created_at: "milestones.created_at",
        name: "milestones.name",
        description: "milestones.description",
        due_date: "milestones.due_date",
        completed_at: "milestones.completed_at",
        project: {
          id: "project.id",
          name: "project.name",
          status: "project.status",
          deadline: "project.deadline",
        },
      });
  },
};

// LoaderQuery: Milestone
export const milestoneLoaderQueries = {
  A: [],
} as const satisfies PuriLoaderQueries<MilestoneSubsetKey>;

// SubsetQuery: Passkey
export const passkeySubsetQueries = {
  A: (qbWrapper: PuriWrapper<DatabaseSchemaExtend>) => {
    return qbWrapper.from("passkeys").select({
      id: "passkeys.id",
      name: "passkeys.name",
      public_key: "passkeys.public_key",
      credential_id: "passkeys.credential_id",
      counter: "passkeys.counter",
      device_type: "passkeys.device_type",
      backed_up: "passkeys.backed_up",
      transports: "passkeys.transports",
      aaguid: "passkeys.aaguid",
      created_at: "passkeys.created_at",
      user_id: "passkeys.user_id",
    });
  },
};

// LoaderQuery: Passkey
export const passkeyLoaderQueries = {
  A: [],
} as const satisfies PuriLoaderQueries<PasskeySubsetKey>;

// SubsetQuery: Project
export const projectSubsetQueries = {
  A: (qbWrapper: PuriWrapper<DatabaseSchemaExtend>) => {
    return qbWrapper.from("projects").select({
      id: "projects.id",
      created_at: "projects.created_at",
      name: "projects.name",
      status: "projects.status",
      description: "projects.description",
      budget: "projects.budget",
      deadline: "projects.deadline",
      image_urls: "projects.image_urls",
    });
  },
  P: (qbWrapper: PuriWrapper<DatabaseSchemaExtend>) => {
    return qbWrapper.from("projects").select({
      id: "projects.id",
      created_at: "projects.created_at",
      name: "projects.name",
      status: "projects.status",
      description: "projects.description",
      deadline: "projects.deadline",
      image_urls: "projects.image_urls",
      budget: "projects.budget",
    });
  },
};

// LoaderQuery: Project
export const projectLoaderQueries = {
  A: [
    {
      as: "employee",
      refId: "id",
      qb: (qbWrapper: PuriWrapper<DatabaseSchemaExtend>, fromIds: number[] | string[]) => {
        return qbWrapper
          .from("projects__employees")
          .join("employees", "projects__employees.employee_id", "employees.id")
          .join({ user: "users" }, "employees.user_id", "user.id")
          .leftJoin({ department: "departments" }, "employees.department_id", "department.id")
          .whereIn(
            "projects__employees.project_id",
            /* SAFETY: 로더가 전달하는 ID는 소스 엔티티의 기본 키 타입과 일치한다. */ fromIds as number[],
          )
          .select({
            id: "employees.id",
            employee_number: "employees.employee_number",
            salary: "employees.salary",
            user: {
              email: "user.email",
              username: "user.username",
            },
            department: {
              name: "department.name",
            },
            refId: "projects__employees.project_id",
          });
      },
    },
    {
      as: "tags",
      refId: "id",
      qb: (qbWrapper: PuriWrapper<DatabaseSchemaExtend>, fromIds: number[] | string[]) => {
        return qbWrapper
          .from("project_tags")
          .join("tags", "project_tags.tag_id", "tags.id")
          .whereIn(
            "project_tags.project_id",
            /* SAFETY: 로더가 전달하는 ID는 소스 엔티티의 기본 키 타입과 일치한다. */ fromIds as number[],
          )
          .select({
            id: "tags.id",
            name: "tags.name",
            refId: "project_tags.project_id",
          });
      },
    },
  ],
  P: [
    {
      as: "employee",
      refId: "id",
      qb: (qbWrapper: PuriWrapper<DatabaseSchemaExtend>, fromIds: number[] | string[]) => {
        return qbWrapper
          .from("projects__employees")
          .join("employees", "projects__employees.employee_id", "employees.id")
          .join({ user: "users" }, "employees.user_id", "user.id")
          .leftJoin({ department: "departments" }, "employees.department_id", "department.id")
          .whereIn(
            "projects__employees.project_id",
            /* SAFETY: 로더가 전달하는 ID는 소스 엔티티의 기본 키 타입과 일치한다. */ fromIds as number[],
          )
          .select({
            id: "employees.id",
            employee_number: "employees.employee_number",
            salary: "employees.salary",
            user: {
              email: "user.email",
              username: "user.username",
            },
            department: {
              name: "department.name",
            },
            refId: "projects__employees.project_id",
          });
      },
    },
    {
      as: "tags",
      refId: "id",
      qb: (qbWrapper: PuriWrapper<DatabaseSchemaExtend>, fromIds: number[] | string[]) => {
        return qbWrapper
          .from("project_tags")
          .join("tags", "project_tags.tag_id", "tags.id")
          .whereIn(
            "project_tags.project_id",
            /* SAFETY: 로더가 전달하는 ID는 소스 엔티티의 기본 키 타입과 일치한다. */ fromIds as number[],
          )
          .select({
            id: "tags.id",
            name: "tags.name",
            refId: "project_tags.project_id",
          });
      },
    },
  ],
} as const satisfies PuriLoaderQueries<ProjectSubsetKey>;

// SubsetQuery: Session
export const sessionSubsetQueries = {
  A: (qbWrapper: PuriWrapper<DatabaseSchemaExtend>) => {
    return qbWrapper.from("sessions").select({
      id: "sessions.id",
      expires_at: "sessions.expires_at",
      token: "sessions.token",
      created_at: "sessions.created_at",
      updated_at: "sessions.updated_at",
      ip_address: "sessions.ip_address",
      user_agent: "sessions.user_agent",
      user_id: "sessions.user_id",
    });
  },
};

// LoaderQuery: Session
export const sessionLoaderQueries = {
  A: [],
} as const satisfies PuriLoaderQueries<SessionSubsetKey>;

// SubsetQuery: SyncFixture
export const syncFixtureSubsetQueries = {
  A: (qbWrapper: PuriWrapper<DatabaseSchemaExtend>) => {
    return qbWrapper.from("sync_fixtures").select({
      id: "sync_fixtures.id",
      created_at: "sync_fixtures.created_at",
      updated_at: "sync_fixtures.updated_at",
      name: "sync_fixtures.name",
      code: "sync_fixtures.code",
      status: "sync_fixtures.status",
      priority: "sync_fixtures.priority",
      is_active: "sync_fixtures.is_active",
      description: "sync_fixtures.description",
      tags: "sync_fixtures.tags",
    });
  },
};

// LoaderQuery: SyncFixture
export const syncFixtureLoaderQueries = {
  A: [],
} as const satisfies PuriLoaderQueries<SyncFixtureSubsetKey>;

// SubsetQuery: Tag
export const tagSubsetQueries = {
  A: (qbWrapper: PuriWrapper<DatabaseSchemaExtend>) => {
    return qbWrapper.from("tags").select({
      id: "tags.id",
      created_at: "tags.created_at",
      name: "tags.name",
      name_ko: "tags.name_ko",
      name_en: "tags.name_en",
    });
  },
};

// LoaderQuery: Tag
export const tagLoaderQueries = {
  A: [],
} as const satisfies PuriLoaderQueries<TagSubsetKey>;

// SubsetQuery: TwoFactor
export const twoFactorSubsetQueries = {
  A: (qbWrapper: PuriWrapper<DatabaseSchemaExtend>) => {
    return qbWrapper.from("two_factors").select({
      id: "two_factors.id",
      secret: "two_factors.secret",
      backup_codes: "two_factors.backup_codes",
      created_at: "two_factors.created_at",
      updated_at: "two_factors.updated_at",
      user_id: "two_factors.user_id",
    });
  },
};

// LoaderQuery: TwoFactor
export const twoFactorLoaderQueries = {
  A: [],
} as const satisfies PuriLoaderQueries<TwoFactorSubsetKey>;

// SubsetQuery: User
export const userSubsetQueries = {
  A: (qbWrapper: PuriWrapper<DatabaseSchemaExtend>) => {
    return qbWrapper.from("users").select({
      id: "users.id",
      created_at: "users.created_at",
      email: "users.email",
      username: "users.username",
      birth_date: "users.birth_date",
      role: "users.role",
      last_login_at: "users.last_login_at",
      bio: "users.bio",
      is_verified: "users.is_verified",
      deleted_at: "users.deleted_at",
      banned: "users.banned",
      ban_reason: "users.ban_reason",
      ban_expires: "users.ban_expires",
    });
  },
  P: (qbWrapper: PuriWrapper<DatabaseSchemaExtend>) => {
    return qbWrapper
      .from("users")
      .leftJoin({ employee: "employees" }, "users.id", "employee.user_id")
      .leftJoin(
        { employee__department: "departments" },
        "employee.department_id",
        "employee__department.id",
      )
      .select({
        id: "users.id",
        email: "users.email",
        username: "users.username",
        role: "users.role",
        bio: "users.bio",
        is_verified: "users.is_verified",
        employee: {
          department: {
            name: "employee__department.name",
          },
          salary: "employee.salary",
        },
      });
  },
  SS: (qbWrapper: PuriWrapper<DatabaseSchemaExtend>) => {
    return qbWrapper.from("users").select({
      id: "users.id",
      created_at: "users.created_at",
      email: "users.email",
      username: "users.username",
      role: "users.role",
      last_login_at: "users.last_login_at",
      bio: "users.bio",
      is_verified: "users.is_verified",
    });
  },
};

// LoaderQuery: User
export const userLoaderQueries = {
  A: [],
  P: [],
  SS: [],
} as const satisfies PuriLoaderQueries<UserSubsetKey>;

// SubsetQuery: Verification
export const verificationSubsetQueries = {
  A: (qbWrapper: PuriWrapper<DatabaseSchemaExtend>) => {
    return qbWrapper.from("verifications").select({
      id: "verifications.id",
      identifier: "verifications.identifier",
      value: "verifications.value",
      expires_at: "verifications.expires_at",
      created_at: "verifications.created_at",
      updated_at: "verifications.updated_at",
    });
  },
};

// LoaderQuery: Verification
export const verificationLoaderQueries = {
  A: [],
} as const satisfies PuriLoaderQueries<VerificationSubsetKey>;

// ForeignKey Types
export type AccountForeignKeys = "user_id";
export type DepartmentForeignKeys = "company_id" | "parent_id";
export type EmployeeForeignKeys = "user_id" | "department_id";
export type MilestoneForeignKeys = "project_id";
export type PasskeyForeignKeys = "user_id";
export type SessionForeignKeys = "user_id";
export type TwoFactorForeignKeys = "user_id";

// DatabaseSchema
declare module "sonamu" {
  export interface DatabaseSchemaExtend {
    accounts: AccountBaseSchema;
    audit_events: AuditEventBaseSchema;
    audit_logs: AuditLogBaseSchema;
    companies: CompanyBaseSchema;
    departments: DepartmentBaseSchema;
    documents: DocumentBaseSchema;
    employees: EmployeeBaseSchema;
    files: FileBaseSchema;
    milestones: MilestoneBaseSchema;
    passkeys: PasskeyBaseSchema;
    projects: ProjectBaseSchema;
    sessions: SessionBaseSchema;
    sync_fixtures: SyncFixtureBaseSchema;
    tags: TagBaseSchema;
    two_factors: TwoFactorBaseSchema;
    users: UserBaseSchema;
    verifications: VerificationBaseSchema;
    projects__employees: ManyToManyBaseSchema<"employee", "project", number, number>;
    project_tags: ManyToManyBaseSchema<"project", "tag", number, number>;
  }

  export interface DatabaseForeignKeys {
    accounts: AccountForeignKeys;
    departments: DepartmentForeignKeys;
    employees: EmployeeForeignKeys;
    milestones: MilestoneForeignKeys;
    passkeys: PasskeyForeignKeys;
    sessions: SessionForeignKeys;
    two_factors: TwoFactorForeignKeys;
  }

  export interface ContextExtend {
    user: SonamuUser | null;
  }
}

// Auth User Type
export type SonamuUser = User & {
  role: UserRole;
  created_at: Date;
};
